node.exe : - Generating browser application bundles (phase: setup)...
No C:\Users\Leticia\AppData\Roaming\npm\ng.ps1:24 caractere:5
+     & "node$exe"  "$basedir/node_modules/@angular/cli/bin/ng.js" $arg ...
+     ~~~~~~~~~~~~~~~~~~~~~~~~~~~~~~~~~~~~~~~~~~~~~~~~~~~~~~~~~~~~~~~~~
    + CategoryInfo          : NotSpecified: (- Generating br...hase: setup)... 
   :String) [], RemoteException
    + FullyQualifiedErrorId : NativeCommandError
 
Ô£ö Browser application bundle generation complete.
Ô£ö Browser application bundle generation complete.

Error: src/app/components/ranking/ranking.component.ts:48:32 - error TS2339: 
Property 'jogadores' does not exist on type 'RankingResponse'.

48         this.jogadores = dados.jogadores || [];
                                  ~~~~~~~~~


Error: src/app/components/ranking/ranking.component.ts:51:15 - error TS6133: 
'err' is declared but its value is never read.

51       error: (err) => {
                 ~~~


Error: src/app/components/ranking/ranking.component.ts:91:20 - error TS6133: 
'jogador' is declared but its value is never read.

91   obterClasseLinha(jogador: PlayerRankingEntry, indice: number): string {
                      ~~~~~~~


Error: src/app/guards/auth.guard.ts:23:5 - error TS6133: 'route' is declared 
but its value is never read.

23     route: ActivatedRouteSnapshot,
       ~~~~~


Error: src/app/services/api.service.ts:9:10 - error TS6133: 'map' is declared 
but its value is never read.

9 import { map, tap } from 'rxjs/operators';
           ~~~


Error: src/app/services/api.service.ts:90:11 - error TS6133: 'saveCurrentUser' 
is declared but its value is never read.

90   private saveCurrentUser(user: User): void {
             ~~~~~~~~~~~~~~~



